TOKEN_PRINT - print - 1
TOKEN_NUMBER - 0.0 - 1
TOKEN_SEMICOLON - ; - 1
TOKEN_PRINT - print - 2
TOKEN_NUMBER - 3.1415962 - 2
TOKEN_SEMICOLON - ; - 2
TOKEN_PRINT - print - 3
TOKEN_NUMBER - 5.5 - 3
TOKEN_SEMICOLON - ; - 3
TOKEN_EOF -  - 3
0
3.1415962
5.5
